evaluation warning: 'system' has been renamed to/replaced by 'stdenv.hostPlatform.system'
THEOREM CardanoKeri.Checkpoint.T12_convict_exact
THEOREM CardanoKeri.Checkpoint.T8_only_convicted_is_terminal
THEOREM CardanoKeri.Registry.instDecidableEqAction.decEq._proof_18
THEOREM CardanoKeri.Checkpoint.Action.actor.eq_7
THEOREM CardanoKeri.Checkpoint.instDecidableEqState.decEq._proof_10
THEOREM CardanoKeri.Registry.instDecidableEqAction.decEq._proof_42
THEOREM CardanoKeri.Registry.instDecidableEqStatus.decEq._proof_2
THEOREM CardanoKeri.Checkpoint.instDecidableEqPayment.decEq._proof_2
THEOREM CardanoKeri.Checkpoint.Flow.mk.injEq
THEOREM CardanoKeri.Checkpoint.Action.touchesLeaf.eq_1
THEOREM CardanoKeri.Checkpoint.State.sn?.eq_2
THEOREM CardanoKeri.Cage.bypassed.eq_1
THEOREM CardanoKeri.Registry.instDecidableEqSys.decEq._proof_2
THEOREM CardanoKeri.Checkpoint.poisonAfter.eq_2
THEOREM CardanoKeri.Registry.instDecidableEqCkState.decEq._proof_5
THEOREM CardanoKeri.Checkpoint.instDecidableEqLive.decEq._proof_7
THEOREM CardanoKeri.Checkpoint.T4_current_key_thief_cannot_revive
THEOREM CardanoKeri.Checkpoint.instDecidableEqPayment.decEq._proof_4
THEOREM CardanoKeri.Registry.Acc.mk.injEq
THEOREM CardanoKeri.Checkpoint.Step.reopen_iff
THEOREM CardanoKeri.Registry.instDecidableEqOp.decEq._proof_7
THEOREM CardanoKeri.Registry.Action.fold.inj
THEOREM CardanoKeri.Cage.AuthMode.delegated.sizeOf_spec
THEOREM CardanoKeri.Checkpoint.Step.poison_iff
THEOREM CardanoKeri.Checkpoint.T5_keep_needs_no_intent
THEOREM CardanoKeri.Cage.instDecidableEqTxAuth.decEq._proof_3
THEOREM CardanoKeri.Registry.Sys.mk.injEq
THEOREM CardanoKeri.Registry.R12_leaf_enters_only_by_fold
THEOREM CardanoKeri.Checkpoint.stepFn.eq_6
THEOREM CardanoKeri.Registry.setLeaf_map_fst
THEOREM CardanoKeri.Registry.Action.resume.sizeOf_spec
THEOREM CardanoKeri.Registry.Action.resume.injEq
THEOREM CardanoKeri.Registry.accInv_remove_postable
THEOREM CardanoKeri.Checkpoint.instDecidableEqLive.decEq._proof_4
THEOREM CardanoKeri.Checkpoint.instDecidableEqState.decEq._proof_5
THEOREM CardanoKeri.Registry.Env.mk.sizeOf_spec
THEOREM CardanoKeri.Checkpoint.BondOp.keep.sizeOf_spec
THEOREM CardanoKeri.Registry.R9_retract_needs_phase2
THEOREM CardanoKeri.Registry.R6_registry_untouched
THEOREM CardanoKeri.Samaritan.fold_conserves
THEOREM CardanoKeri.Registry.instDecidableEqAction.decEq._proof_39
THEOREM CardanoKeri.Checkpoint.T5_reopen_enabled
THEOREM CardanoKeri.Checkpoint.stepFn.eq_10
THEOREM CardanoKeri.Checkpoint.Action.topUp.sizeOf_spec
THEOREM CardanoKeri.Registry.R13_live_never_reaped
THEOREM CardanoKeri.Registry.Status.active.sizeOf_spec
THEOREM CardanoKeri.Registry.instDecidableEqAcc.decEq._proof_3
THEOREM CardanoKeri.Registry.instDecidableEqOp.decEq._proof_22
THEOREM CardanoKeri.Checkpoint.T8_mint_once
THEOREM CardanoKeri.Registry.rejectOne.eq_1
THEOREM CardanoKeri.Registry.goIn_remove_postable
THEOREM CardanoKeri.Checkpoint.T6_intent_requires_new_keys
THEOREM CardanoKeri.Checkpoint.Action.register.inj
THEOREM CardanoKeri.Checkpoint.BondOp.ofNat_ctorIdx
THEOREM CardanoKeri.Registry.instDecidableEqFoldAction._proof_2
THEOREM CardanoKeri.Checkpoint.consumableStateB_iff
THEOREM CardanoKeri.Registry.instDecidableEqStatus.decEq._proof_9
THEOREM CardanoKeri.Registry.R13_tomb_reaped
THEOREM CardanoKeri.Checkpoint.Trace.brecOn
THEOREM CardanoKeri.Registry.instDecidableEqStatus.decEq._proof_1
THEOREM CardanoKeri.Registry.applyBatch_leaf_mono
THEOREM CardanoKeri.Checkpoint.trace_from_convicted
THEOREM CardanoKeri.Cage.rejectAllowed.eq_1
THEOREM CardanoKeri.Checkpoint.Env.mk.injEq
THEOREM CardanoKeri.Registry.instDecidableEqStatus.decEq._proof_3
THEOREM CardanoKeri.Checkpoint.Step.rotateDepositPaid_iff
THEOREM CardanoKeri.Checkpoint.Action.topUp.inj
THEOREM CardanoKeri.Registry.instDecidableEqAction.decEq._proof_48
THEOREM CardanoKeri.Checkpoint.Payment?.b.eq_2
THEOREM CardanoKeri.Registry.AccInv.goNoCkpt
THEOREM CardanoKeri.Registry.instDecidableEqFoldAction._proof_1
THEOREM CardanoKeri.Registry.stepFn.eq_3
THEOREM CardanoKeri.Registry.eq_of_mem_of_fst_eq
THEOREM CardanoKeri.Checkpoint.instDecidableEqLeaf.decEq._proof_2
THEOREM CardanoKeri.Registry.instDecidableEqAction.decEq._proof_7
THEOREM CardanoKeri.Registry.key_not_mem_of_lookup_none
THEOREM CardanoKeri.Checkpoint.T5_every_bond_option
THEOREM CardanoKeri.Cage.routeValue.eq_2
THEOREM CardanoKeri.Registry.stepFn_retract_iff
THEOREM CardanoKeri.Cage.Plugin.mk.sizeOf_spec
THEOREM CardanoKeri.Registry.instDecidableEqAction.decEq._proof_17
THEOREM CardanoKeri.Registry.Params.mk.inj
THEOREM CardanoKeri.Registry.mem_remove_of_mem
THEOREM CardanoKeri.Checkpoint.Action.actor.eq_5
THEOREM CardanoKeri.Registry.inv_replace_ckpt
THEOREM CardanoKeri.Checkpoint.Actor.proof.sizeOf_spec
THEOREM CardanoKeri.Registry.goIn_cons_postable
THEOREM CardanoKeri.Checkpoint.State.sn?.eq_1
THEOREM CardanoKeri.Registry.R2_one_leaf_per_aid
THEOREM CardanoKeri.Registry.FoldAction.process.sizeOf_spec
THEOREM CardanoKeri.Cage.delegated_permissionless
THEOREM CardanoKeri.Registry.Request.mk.inj
THEOREM CardanoKeri.Registry.Op.goDormant.injEq
THEOREM CardanoKeri.Registry.instDecidableEqAction.decEq._proof_40
THEOREM CardanoKeri.Registry.instDecidableEqAcc.decEq._proof_7
THEOREM CardanoKeri.Registry.stepFn.eq_2
THEOREM CardanoKeri.Checkpoint.T1_close_rotation_cannot_revive
THEOREM CardanoKeri.Checkpoint.T16_payments_are_named
THEOREM CardanoKeri.Registry.Action.retract.inj
THEOREM CardanoKeri.Registry.R12_leaf_changes_only_by_fold
THEOREM CardanoKeri.Checkpoint.instDecidableEqLeaf.decEq._proof_14
THEOREM CardanoKeri.Registry.processBody_revive_iff
THEOREM CardanoKeri.Checkpoint.State.parked.injEq
THEOREM CardanoKeri.Registry.instDecidableEqAction.decEq._proof_60
THEOREM CardanoKeri.Registry.instDecidableEqAction.decEq._proof_30
THEOREM CardanoKeri.Checkpoint.T9_juvenility_is_consumer_only
THEOREM CardanoKeri.Samaritan.self_folding_reaper_never_loses
THEOREM CardanoKeri.Checkpoint.Payment?.dreg.eq_2
THEOREM CardanoKeri.Cage.TxAuth.mk.injEq
THEOREM CardanoKeri.Cage.instDecidableEqValueMode._proof_1
THEOREM CardanoKeri.Registry.instDecidableEqAction.decEq._proof_59
THEOREM CardanoKeri.Checkpoint.Action.close.injEq
THEOREM CardanoKeri.Registry.Inv.goFar
THEOREM CardanoKeri.Checkpoint.Intent.close.sizeOf_spec
THEOREM CardanoKeri.Checkpoint.instDecidableEqLeaf.decEq._proof_10
THEOREM CardanoKeri.Registry.instDecidableEqAction.decEq._proof_4
THEOREM CardanoKeri.Registry.accInv_of_inv
THEOREM CardanoKeri.Registry.Action.reap.injEq
THEOREM CardanoKeri.Cage.instDecidableEqAuthMode._proof_1
THEOREM CardanoKeri.Checkpoint.T1_sn_monotone_all._proof_1_6
THEOREM CardanoKeri.Checkpoint.Live.mk.injEq
THEOREM CardanoKeri.Checkpoint.instDecidableEqState.decEq._proof_7
THEOREM CardanoKeri.Registry.R13_parked_needs_grace._proof_1_2
THEOREM CardanoKeri.Checkpoint.T16_close_needs_rotation
THEOREM CardanoKeri.Registry.Flow.mk.injEq
CONSTRUCTOR CardanoKeri.Registry.Action CardanoKeri.Registry.Action.contribute
CONSTRUCTOR CardanoKeri.Registry.Action CardanoKeri.Registry.Action.fold
CONSTRUCTOR CardanoKeri.Registry.Action CardanoKeri.Registry.Action.retract
CONSTRUCTOR CardanoKeri.Registry.Action CardanoKeri.Registry.Action.reap
CONSTRUCTOR CardanoKeri.Registry.Action CardanoKeri.Registry.Action.pause
CONSTRUCTOR CardanoKeri.Registry.Action CardanoKeri.Registry.Action.resume
CONSTRUCTOR CardanoKeri.Registry.Action CardanoKeri.Registry.Action.convictCkpt
THEOREM CardanoKeri.Checkpoint.Leaf.parked.inj
THEOREM CardanoKeri.Checkpoint.Intent.close.injEq
THEOREM CardanoKeri.Checkpoint.T8_parked_returns_only_by_revival
THEOREM CardanoKeri.Cage.authorized.eq_1
THEOREM CardanoKeri.Checkpoint.T8_leaf_agrees_with_state
THEOREM CardanoKeri.Checkpoint.T12_convict_parked_exact
THEOREM CardanoKeri.Registry.goIn_remove_other
THEOREM CardanoKeri.Checkpoint.instDecidableEqState.decEq._proof_14
THEOREM CardanoKeri.Registry.Inv.activeCkpt
THEOREM CardanoKeri.Registry.instDecidableEqSys.decEq._proof_1
THEOREM CardanoKeri.Checkpoint.poisonAfter.eq_6
THEOREM CardanoKeri.Checkpoint.State.leaf.eq_4
THEOREM CardanoKeri.Checkpoint.Actor.ofNat_ctorIdx
THEOREM CardanoKeri.Checkpoint.State.poolHeld.eq_2
THEOREM CardanoKeri.Registry.Request.mk.sizeOf_spec
THEOREM CardanoKeri.Cage.ownerAndHook_needs_owner
THEOREM CardanoKeri.Checkpoint.Payment?.pool.eq_2
THEOREM CardanoKeri.Checkpoint.Env.intentOk.eq_1
THEOREM CardanoKeri.Registry.R3_convicted_never_registered
THEOREM CardanoKeri.Checkpoint.Step.rotateKeepUnpaid_iff
THEOREM CardanoKeri.Registry.Actor.anyone.sizeOf_spec
THEOREM CardanoKeri.Registry.no_ckpt_of_no_leaf
THEOREM CardanoKeri.Registry.instDecidableEqAction.decEq._proof_16
THEOREM CardanoKeri.Checkpoint.trace_sn_monotone_all
THEOREM CardanoKeri.Checkpoint.Action.freeze.sizeOf_spec
THEOREM CardanoKeri.Registry.instDecidableEqAction.decEq._proof_20
THEOREM CardanoKeri.Registry.instDecidableEqStatus.decEq._proof_8
THEOREM CardanoKeri.Samaritan.Reap.mk.inj
THEOREM CardanoKeri.Cage.TxAuth.mk.inj
THEOREM CardanoKeri.Checkpoint.Leaf.parked.sizeOf_spec
THEOREM CardanoKeri.Registry.instDecidableEqCkState.decEq._proof_2
THEOREM CardanoKeri.Checkpoint.instDecidableEqIntent.decEq._proof_6
THEOREM CardanoKeri.Checkpoint.T8_absent_only_registers
THEOREM CardanoKeri.Checkpoint.T14_pool_decreases_only_by_premium._proof_1_13
THEOREM CardanoKeri.Registry.instDecidableEqAction.decEq._proof_27
THEOREM CardanoKeri.Registry.Op.register.sizeOf_spec
THEOREM CardanoKeri.Registry.instDecidableEqAction.decEq._proof_51
THEOREM CardanoKeri.Checkpoint.T8_present_implies_registered
THEOREM CardanoKeri.Registry.go_not_phase2._proof_1_1
THEOREM CardanoKeri.Checkpoint.T8_parked_only_revives_or_convicts
THEOREM CardanoKeri.Registry.instDecidableEqAction.decEq._proof_26
THEOREM CardanoKeri.Checkpoint.Action.reopen.inj
THEOREM CardanoKeri.Registry.R3_convicted_permanent
THEOREM CardanoKeri.Checkpoint.Params.hD
THEOREM CardanoKeri.Registry.Action.reap.inj
THEOREM CardanoKeri.Checkpoint.T14_pool_increases_only_by_topup._proof_1_2
THEOREM CardanoKeri.Checkpoint.T4_current_quorum_only_poisons
THEOREM CardanoKeri.Registry.AccInv.goFar
THEOREM CardanoKeri.Registry.Action.convictCkpt.injEq
THEOREM CardanoKeri.Registry.instDecidableEqOp.decEq._proof_11
THEOREM CardanoKeri.Checkpoint.Actor.nextKeys.sizeOf_spec
THEOREM CardanoKeri.Registry.processOne.eq_1
THEOREM CardanoKeri.Registry.Acc.mk.sizeOf_spec
THEOREM CardanoKeri.Checkpoint.instDecidableEqActor._proof_2
THEOREM CardanoKeri.Registry.inv_of_accInv
THEOREM CardanoKeri.Checkpoint.T16_close_destination._proof_1_6
THEOREM CardanoKeri.Checkpoint.T4_poisoned_nonrotation_inert
THEOREM CardanoKeri.Registry.Action.retract.sizeOf_spec
THEOREM CardanoKeri.Samaritan.unprofitable_when_tip_too_high._proof_1_3
THEOREM CardanoKeri.Checkpoint.Payment.mk.injEq
THEOREM CardanoKeri.Registry.instDecidableEqSys.decEq._proof_7
THEOREM CardanoKeri.Registry.Action.convictCkpt.inj
THEOREM CardanoKeri.Checkpoint.Action.touchesLeaf.eq_2
THEOREM CardanoKeri.Checkpoint.Action.poison.sizeOf_spec
THEOREM CardanoKeri.Checkpoint.State.poolHeld.eq_1
THEOREM CardanoKeri.Checkpoint.Action.rotate.sizeOf_spec
THEOREM CardanoKeri.Registry.instDecidableEqAction.decEq._proof_32
THEOREM CardanoKeri.Registry.Inv.goNoCkpt
THEOREM CardanoKeri.Checkpoint.poisonAfter.eq_1
THEOREM CardanoKeri.Checkpoint.T15_b_returns_only_by_deposit
THEOREM CardanoKeri.Registry.instDecidableEqAction.decEq._proof_53
THEOREM CardanoKeri.Checkpoint.instDecidableEqPayment.decEq._proof_5
THEOREM CardanoKeri.Checkpoint.State.leaf.eq_2
THEOREM CardanoKeri.Registry.instDecidableEqAction.decEq._proof_10
THEOREM CardanoKeri.Checkpoint.T10_current_quorum_never_restores
THEOREM CardanoKeri.Registry.instDecidableEqCkState.decEq._proof_4
THEOREM CardanoKeri.Registry.Ckpt.mk.sizeOf_spec
THEOREM CardanoKeri.Checkpoint.Action.rotate.inj
THEOREM CardanoKeri.Registry.instDecidableEqAction.decEq._proof_25
THEOREM CardanoKeri.Registry.FoldAction.ofNat_ctorIdx
THEOREM CardanoKeri.Registry.instDecidableEqOp.decEq._proof_20
THEOREM CardanoKeri.Samaritan.reap.eq_1
THEOREM CardanoKeri.Checkpoint.instDecidableEqLeaf.decEq._proof_6
THEOREM CardanoKeri.Registry.AccInv.goUnique
THEOREM CardanoKeri.Registry.instDecidableEqOp.decEq._proof_4
THEOREM CardanoKeri.Checkpoint.Step.convictParked_iff
THEOREM CardanoKeri.Registry.R10_phase1_phase2_exclusive
THEOREM CardanoKeri.Registry.processBody_goDormant_iff
THEOREM CardanoKeri.Checkpoint.T1_sn_monotone
THEOREM CardanoKeri.Registry.R14_convict_in_batch_needs_proof
THEOREM CardanoKeri.Checkpoint.Params.hB
THEOREM CardanoKeri.Registry.Status.convicted.sizeOf_spec
THEOREM CardanoKeri.Checkpoint.Action.convict.injEq
THEOREM CardanoKeri.Checkpoint.T5_close_enabled
THEOREM CardanoKeri.Checkpoint.Action.actor.eq_2
THEOREM CardanoKeri.Checkpoint.instDecidableEqIntent.decEq._proof_5
THEOREM CardanoKeri.Registry.R11_retract_value
THEOREM CardanoKeri.Registry.instDecidableEqAction.decEq._proof_21
THEOREM CardanoKeri.Registry.CkState.live.sizeOf_spec
THEOREM CardanoKeri.Registry.Op.userPostable.eq_3
THEOREM CardanoKeri.Checkpoint.T16_close_destination
THEOREM CardanoKeri.Checkpoint.T10_reopen_is_juvenile
THEOREM CardanoKeri.Checkpoint.instDecidableEqPayment.decEq._proof_1
THEOREM CardanoKeri.Checkpoint.Action.touchesLeaf.eq_5
THEOREM CardanoKeri.Checkpoint.Payment?.b.eq_1
THEOREM CardanoKeri.Registry.instDecidableEqAction.decEq._proof_34
THEOREM CardanoKeri.Registry.CkState.parked.inj
THEOREM CardanoKeri.Checkpoint.Live.bHeld.eq_1
THEOREM CardanoKeri.Checkpoint.instDecidableEqLeaf.decEq._proof_1
THEOREM CardanoKeri.Checkpoint.consumableStateB.eq_2
THEOREM CardanoKeri.Checkpoint.T16_parked_hash_is_the_closed_checkpoints._proof_1_7
THEOREM CardanoKeri.Samaritan.ReapFlow.mk.inj
THEOREM CardanoKeri.Registry.applyBatch_register_registered
THEOREM CardanoKeri.Checkpoint.instDecidableEqState.decEq._proof_1
THEOREM CardanoKeri.Registry.processBody_goConvicted_iff
THEOREM CardanoKeri.Registry.processBody_register_iff
THEOREM CardanoKeri.Cage.Plugin.registry.eq_1
THEOREM CardanoKeri.Checkpoint.Action.freeze.inj
THEOREM CardanoKeri.Registry.Params.mk.sizeOf_spec
THEOREM CardanoKeri.Checkpoint.instDecidableEqLeaf.decEq._proof_4
THEOREM CardanoKeri.Registry.instDecidableEqAction.decEq._proof_46
THEOREM CardanoKeri.Registry.instDecidableEqOp.decEq._proof_5
THEOREM CardanoKeri.Checkpoint.Params.mk.inj
THEOREM CardanoKeri.Registry.instDecidableReapable._proof_2
THEOREM CardanoKeri.Registry.instDecidableEqAction.decEq._proof_38
THEOREM CardanoKeri.Cage.instDecidableEqTxAuth.decEq._proof_2
THEOREM CardanoKeri.Registry.lookup_none_of_not_mem
THEOREM CardanoKeri.Registry.instDecidableEqAction.decEq._proof_45
THEOREM CardanoKeri.Checkpoint.T5_deposit_on_full_is_keep
THEOREM CardanoKeri.Registry.Action.reap.sizeOf_spec
THEOREM CardanoKeri.Registry.FoldAction.reject.sizeOf_spec
THEOREM CardanoKeri.Checkpoint.Env.intentOk.eq_2
THEOREM CardanoKeri.Cage.applyBatch.eq_1
THEOREM CardanoKeri.Registry.Flow.mk.inj
THEOREM CardanoKeri.Checkpoint.Action.close.inj
THEOREM CardanoKeri.Registry.Op.goDormant.inj
THEOREM CardanoKeri.Registry.processOne_requests
THEOREM CardanoKeri.Checkpoint.instDecidableEqActor._proof_1
THEOREM CardanoKeri.Registry.Params.hRetract
THEOREM CardanoKeri.Cage.applyBatch_delegated_eq
THEOREM CardanoKeri.Registry.lookup_remove_ne
THEOREM CardanoKeri.Registry.instDecidableEqAction.decEq._proof_11
THEOREM CardanoKeri.Registry.AccInv.goActive
THEOREM CardanoKeri.Checkpoint.T7_step_iff_stepFn
THEOREM CardanoKeri.Registry.Actor.ofNat_ctorIdx
THEOREM CardanoKeri.Checkpoint.BondOp.intent.eq_1
THEOREM CardanoKeri.Registry.applyBatch_unknown
THEOREM CardanoKeri.Registry.lookup_setLeaf_ne
THEOREM CardanoKeri.Registry.AccInv.ckptNodup
THEOREM CardanoKeri.Checkpoint.instDecidableEqIntent.decEq._proof_7
THEOREM CardanoKeri.Checkpoint.T8_utxo_iff_active
THEOREM CardanoKeri.Registry.Inv.ckptNodup
THEOREM CardanoKeri.Cage.ownerKeyed_needs_owner
CONSTRUCTOR CardanoKeri.Registry.Op CardanoKeri.Registry.Op.register
CONSTRUCTOR CardanoKeri.Registry.Op CardanoKeri.Registry.Op.revive
CONSTRUCTOR CardanoKeri.Registry.Op CardanoKeri.Registry.Op.goDormant
CONSTRUCTOR CardanoKeri.Registry.Op CardanoKeri.Registry.Op.goConvicted
CONSTRUCTOR CardanoKeri.Registry.Op CardanoKeri.Registry.Op.convict
THEOREM CardanoKeri.Registry.CkState.tomb.sizeOf_spec
THEOREM CardanoKeri.Registry.instDecidableReapable._proof_1
THEOREM CardanoKeri.Registry.Action.contribute.sizeOf_spec
THEOREM CardanoKeri.Checkpoint.T16_parked_hash_is_the_closed_checkpoints
THEOREM CardanoKeri.Checkpoint.T10_reopen_is_juvenile._proof_1_4
THEOREM CardanoKeri.Registry.Op.convict.sizeOf_spec
THEOREM CardanoKeri.Registry.fst_ne_of_mem_remove
THEOREM CardanoKeri.Checkpoint.instDecidableEqKeyState.decEq._proof_2
THEOREM CardanoKeri.Checkpoint.instDecidableEqFlow.decEq._proof_1
THEOREM CardanoKeri.Registry.processOne_inv
THEOREM CardanoKeri.Checkpoint.T6_dreg_enters_only_at_birth
THEOREM CardanoKeri.Checkpoint.instDecidableEqIntent.decEq._proof_3
THEOREM CardanoKeri.Registry.Request.mk.injEq
THEOREM CardanoKeri.Registry.instDecidableEqRequest.decEq._proof_4
THEOREM CardanoKeri.Checkpoint.instDecidableEqLive.decEq._proof_2
THEOREM CardanoKeri.Checkpoint.stepFn.eq_9
THEOREM CardanoKeri.Registry.processOne_register_registered
THEOREM CardanoKeri.Registry.Params.hFund
THEOREM CardanoKeri.Registry.reapable.eq_1
THEOREM CardanoKeri.Registry.instDecidableEqAction.decEq._proof_63
THEOREM CardanoKeri.Checkpoint.Flow.mk.sizeOf_spec
THEOREM CardanoKeri.Checkpoint.replay.eq_1
THEOREM CardanoKeri.Cage.wp._proof_2
THEOREM CardanoKeri.Checkpoint.consumableState.eq_1
THEOREM CardanoKeri.Registry.R6_fold_advances
THEOREM CardanoKeri.Checkpoint.stepFn.eq_8
THEOREM CardanoKeri.Checkpoint.instDecidableEqState.decEq._proof_4
THEOREM CardanoKeri.Registry.instDecidableEqAcc.decEq._proof_5
THEOREM CardanoKeri.Registry.instDecidableEqAction.decEq._proof_36
THEOREM CardanoKeri.Checkpoint.instDecidableEqFlow.decEq._proof_5
THEOREM CardanoKeri.Registry.instDecidableEqOp.decEq._proof_1
THEOREM CardanoKeri.Registry.AccInv.reqNodup
THEOREM CardanoKeri.Registry.instDecidableEqAction.decEq._proof_35
THEOREM CardanoKeri.Registry.instDecidableEqAction.decEq._proof_9
THEOREM CardanoKeri.Registry.instDecidableEqAction.decEq._proof_13
THEOREM CardanoKeri.Checkpoint.instDecidableEqState.decEq._proof_8
THEOREM CardanoKeri.Checkpoint.T1_rotate_strict
THEOREM CardanoKeri.Registry.Action.retract.injEq
THEOREM CardanoKeri.Registry.applyBatch_reject_go
THEOREM CardanoKeri.Checkpoint.instDecidableEqLive.decEq._proof_1
THEOREM CardanoKeri.Registry.Op.goConvicted.sizeOf_spec
THEOREM CardanoKeri.Registry.instDecidableEqAction.decEq._proof_15
THEOREM CardanoKeri.Checkpoint.Leaf.active.sizeOf_spec
THEOREM CardanoKeri.Registry.instDecidableEqAction.decEq._proof_54
THEOREM CardanoKeri.Samaritan.reap_conserves._proof_1_2
THEOREM CardanoKeri.Checkpoint.T16_copied_reap_refused
THEOREM CardanoKeri.Registry.not_mem_of_lookup_none
THEOREM CardanoKeri.Checkpoint.consumableStateB_iff._simp_1_6
THEOREM CardanoKeri.Registry.R1_not_active_no_ckpt
THEOREM CardanoKeri.Registry.R14_convictCkpt_needs_proof
THEOREM CardanoKeri.Registry.lookup_remove_self
THEOREM CardanoKeri.Checkpoint.BondOp.intent.eq_2
THEOREM CardanoKeri.Registry.R9_retract_enabled
THEOREM CardanoKeri.Registry.instDecidableEqAction.decEq._proof_33
THEOREM CardanoKeri.Registry.instDecidableEqStatus.decEq._proof_10
THEOREM CardanoKeri.Checkpoint.T8_edges_leave_the_leaf
THEOREM CardanoKeri.Registry.Status.active.inj
THEOREM CardanoKeri.Checkpoint.Step.rotateDepositUnpaid_iff
THEOREM CardanoKeri.Checkpoint.instDecidableEqLeaf.decEq._proof_5
THEOREM CardanoKeri.Registry.instDecidableEqSys.decEq._proof_3
THEOREM CardanoKeri.Registry.Sys.mk.inj
THEOREM CardanoKeri.Registry.instDecidableEqCkState.decEq._proof_6
THEOREM CardanoKeri.Cage.AuthMode.ownerKeyed.sizeOf_spec
THEOREM CardanoKeri.Checkpoint.Step.register_iff
THEOREM CardanoKeri.Checkpoint.Action.close.sizeOf_spec
THEOREM CardanoKeri.Checkpoint.T2_epoch_only_by_rotation
THEOREM CardanoKeri.Registry.instDecidableEqAction.decEq._proof_62
THEOREM CardanoKeri.Checkpoint.T14_pool_decreases_only_by_premium
THEOREM CardanoKeri.Cage.instDecidableEqTxAuth.decEq._proof_1
THEOREM CardanoKeri.Registry.instDecidableEqAction.decEq._proof_37
THEOREM CardanoKeri.Checkpoint.T10_bonds_are_observable
THEOREM CardanoKeri.Samaritan.ReapFlow.mk.sizeOf_spec
THEOREM CardanoKeri.Checkpoint.Action.register.sizeOf_spec
THEOREM CardanoKeri.Cage.ValueMode.delegatedRouting.sizeOf_spec
THEOREM CardanoKeri.Registry.instDecidableEqOp.decEq._proof_6
THEOREM CardanoKeri.Checkpoint.Action.rotate.injEq
THEOREM CardanoKeri.Checkpoint.State.sn?.eq_3
THEOREM CardanoKeri.Checkpoint.stepFn.eq_1
THEOREM CardanoKeri.Checkpoint.T6_refund_change_requires_new_keys
THEOREM CardanoKeri.Registry.instDecidableEqOp.decEq._proof_3
THEOREM CardanoKeri.Registry.Sys.mk.sizeOf_spec
THEOREM CardanoKeri.Checkpoint.Actor.currentQuorum.sizeOf_spec
THEOREM CardanoKeri.Registry.processBody.eq_1
THEOREM CardanoKeri.Registry.instDecidableEqSys.decEq._proof_6
THEOREM CardanoKeri.Registry.rejectOne_inv
THEOREM CardanoKeri.Registry.Action.fold.sizeOf_spec
THEOREM CardanoKeri.Checkpoint.T8_leaf_states
THEOREM CardanoKeri.Checkpoint.T14_pool_increases_only_by_topup._proof_1_1
THEOREM CardanoKeri.Registry.instDecidableEqOp.decEq._proof_8
THEOREM CardanoKeri.Registry.instDecidableEqOp.decEq._proof_10
THEOREM CardanoKeri.Registry.instDecidableEqAction.decEq._proof_8
THEOREM CardanoKeri.Registry.instDecidableEqAction.decEq._proof_3
THEOREM CardanoKeri.Checkpoint.T10_bonds_are_observable._proof_1_8
THEOREM CardanoKeri.Checkpoint.instDecidableEqState.decEq._proof_16
THEOREM CardanoKeri.Checkpoint.instDecidableEqLive.decEq._proof_3
THEOREM CardanoKeri.Checkpoint.instDecidableEqLive.decEq._proof_8
THEOREM CardanoKeri.Registry.applyBatch.eq_2
THEOREM CardanoKeri.Registry.AccInv.reqBelowNext
THEOREM CardanoKeri.Checkpoint.replay.eq_2
THEOREM CardanoKeri.Registry.instDecidableEqAction.decEq._proof_6
THEOREM CardanoKeri.Checkpoint.State.leaf.eq_3
THEOREM CardanoKeri.Checkpoint.T10_bonds_are_observable._proof_1_4
THEOREM CardanoKeri.Registry.R1_ckpt_implies_active
THEOREM CardanoKeri.Registry.stepFn_convictCkpt_iff
THEOREM CardanoKeri.Registry.instDecidableEqAction.decEq._proof_5
THEOREM CardanoKeri.Registry.R10_honest_phase1_reject_exclusive
THEOREM CardanoKeri.Registry.instDecidableEqAction.decEq._proof_29
THEOREM CardanoKeri.Registry.instDecidableEqAction.decEq._proof_31
THEOREM CardanoKeri.Registry.instDecidableReapable._proof_4
THEOREM CardanoKeri.Checkpoint.State.present.injEq
THEOREM CardanoKeri.Checkpoint.T12_convicted_terminal
THEOREM CardanoKeri.Registry.rejectOne_go
THEOREM CardanoKeri.Checkpoint.Flow.mk.inj
THEOREM CardanoKeri.Registry.Op.goDormant.sizeOf_spec
THEOREM CardanoKeri.Checkpoint.Action.touchesLeaf.eq_3
THEOREM CardanoKeri.Registry.stepFn.eq_1
THEOREM CardanoKeri.Checkpoint.State.absent.sizeOf_spec
THEOREM CardanoKeri.Registry.lookup_cons_self
THEOREM CardanoKeri.Checkpoint.State.present.sizeOf_spec
THEOREM CardanoKeri.Registry.applyBatch_append
THEOREM CardanoKeri.Registry.instDecidableEqFlow.decEq._proof_3
THEOREM CardanoKeri.Registry.Op.userPostable.eq_4
THEOREM CardanoKeri.Checkpoint.State.sn?.eq_4
THEOREM CardanoKeri.Checkpoint.Action.convict.sizeOf_spec
THEOREM CardanoKeri.Checkpoint.instDecidableEqLeaf.decEq._proof_3
THEOREM CardanoKeri.Checkpoint.consumableStateB.eq_1
THEOREM CardanoKeri.Checkpoint.Action.actor.eq_8
THEOREM CardanoKeri.Registry.instDecidableEqOp.decEq._proof_13
THEOREM CardanoKeri.Registry.instDecidableEqAction.decEq._proof_2
THEOREM CardanoKeri.Samaritan.samaritan_never_loses._proof_1_3
THEOREM CardanoKeri.Registry.R1_active_ckpt_or_go
THEOREM CardanoKeri.Checkpoint.T15_b_leaves_only_by_freeze
THEOREM CardanoKeri.Registry.instDecidableEqAction.decEq._proof_58
THEOREM CardanoKeri.Registry.goOp.eq_1
THEOREM CardanoKeri.Checkpoint.Payment.mk.inj
THEOREM CardanoKeri.Cage.refundAll_never_locks
THEOREM CardanoKeri.Registry.instDecidableEqOp.decEq._proof_2
THEOREM CardanoKeri.Registry.instDecidableEqCkState.decEq._proof_3
THEOREM CardanoKeri.Registry.R11_go_refunds_reaper
THEOREM CardanoKeri.Registry.R10_phase1_phase2_exclusive._proof_1_1
THEOREM CardanoKeri.Registry.Status.dormant.sizeOf_spec
THEOREM CardanoKeri.Checkpoint.instDecidableEqState.decEq._proof_9
THEOREM CardanoKeri.Registry.setLeaf.eq_1
THEOREM CardanoKeri.Checkpoint.KeyState.mk.sizeOf_spec
THEOREM CardanoKeri.Cage.AuthMode.ofNat_ctorIdx
THEOREM CardanoKeri.Checkpoint.T7_trace_iff_replay
THEOREM CardanoKeri.Cage.ValueMode.ofNat_ctorIdx
THEOREM CardanoKeri.Registry.instDecidableEqFlow.decEq._proof_5
THEOREM CardanoKeri.Checkpoint.Intent.close.inj
THEOREM CardanoKeri.Registry.R11_samaritan_never_loses
THEOREM CardanoKeri.Registry.instDecidableEqAction.decEq._proof_28
THEOREM CardanoKeri.Checkpoint.instDecidableEqLive.decEq._proof_6
THEOREM CardanoKeri.Checkpoint.Sys.mk.inj
THEOREM CardanoKeri.Samaritan.reaper_recovers._proof_1_3
THEOREM CardanoKeri.Registry.instDecidableEqFlow.decEq._proof_2
THEOREM CardanoKeri.Registry.inv_step._proof_1_9
THEOREM CardanoKeri.Cage.TxAuth.mk.sizeOf_spec
THEOREM CardanoKeri.Registry.instDecidableEqAction.decEq._proof_44
THEOREM CardanoKeri.Registry.R11_contribute_value
THEOREM CardanoKeri.Registry.reach_inv
THEOREM CardanoKeri.Registry.lookup_some_mem
THEOREM CardanoKeri.Checkpoint.Intent.keep.sizeOf_spec
THEOREM CardanoKeri.Checkpoint.T10_only_deposit_restores
THEOREM CardanoKeri.Registry.goPending_iff
THEOREM CardanoKeri.Registry.stepFn_resume_iff
THEOREM CardanoKeri.Cage.ValueMode.refundAll.sizeOf_spec
THEOREM CardanoKeri.Registry.R9_reject_needs_rejectable
THEOREM CardanoKeri.Samaritan.unprofitable_when_tip_too_high
THEOREM CardanoKeri.Checkpoint.consumableState.eq_2
THEOREM CardanoKeri.Registry.instDecidableEqActor._proof_2
THEOREM CardanoKeri.Samaritan.Reap.mk.injEq
THEOREM CardanoKeri.Checkpoint.T4_current_key_thief_cannot_park
THEOREM CardanoKeri.Registry.instDecidableEqCkState.decEq._proof_8
THEOREM CardanoKeri.Checkpoint.instDecidableEqBondOp._proof_1
THEOREM CardanoKeri.Registry.Status.active.injEq
THEOREM CardanoKeri.Checkpoint.Live.rotated.eq_1
THEOREM CardanoKeri.Registry.Flow.mk.sizeOf_spec
THEOREM CardanoKeri.Checkpoint.stepFn.eq_4
THEOREM CardanoKeri.Checkpoint.T5_convict_enabled
THEOREM CardanoKeri.Registry.Inv.reqNodup
THEOREM CardanoKeri.Cage.stepFn.eq_2
THEOREM CardanoKeri.Checkpoint.State.parked.sizeOf_spec
THEOREM CardanoKeri.Checkpoint.instDecidableEqLeaf.decEq._proof_9
THEOREM CardanoKeri.Checkpoint.T3_rotation_clears
THEOREM CardanoKeri.Registry.instDecidableEqRequest.decEq._proof_3
THEOREM CardanoKeri.Registry.ReachFar.brecOn
THEOREM CardanoKeri.Checkpoint.KeyState.mk.injEq
THEOREM CardanoKeri.Checkpoint.T10_inert_without_next_keys
THEOREM CardanoKeri.Checkpoint.Sys.mk.injEq
THEOREM CardanoKeri.Cage.delegated_pins_plugin
THEOREM CardanoKeri.Registry.instDecidableEqCkpt.decEq._proof_2
THEOREM CardanoKeri.Checkpoint.Params.mk.injEq
THEOREM CardanoKeri.Registry.R14_convict_at_position
THEOREM CardanoKeri.Registry.instDecidableEqOp.decEq._proof_19
THEOREM CardanoKeri.Samaritan.self_folding_reaper_never_loses._proof_1_3
THEOREM CardanoKeri.Checkpoint.T8_reopen_actor_is_proof
THEOREM CardanoKeri.Registry.Env.mk.inj
THEOREM CardanoKeri.Checkpoint.instDecidableEqBondOp._proof_2
THEOREM CardanoKeri.Registry.Action.pause.sizeOf_spec
THEOREM CardanoKeri.Registry.R7_one_fold_per_generation._proof_1_10
THEOREM CardanoKeri.Cage.applyBatch_delegated_eq._simp_1_13
THEOREM CardanoKeri.Samaritan.reap_conserves
THEOREM CardanoKeri.Registry.key_not_mem_map_fst_remove_self
THEOREM CardanoKeri.Registry.R14_convict_dormant_needs_proof
THEOREM CardanoKeri.Registry.instDecidableEqSys.decEq._proof_5
THEOREM CardanoKeri.Checkpoint.instDecidableEqLeaf.decEq._proof_7
THEOREM CardanoKeri.Registry.processOne_leaf_mono
THEOREM CardanoKeri.Cage.bypassed_breaks_inv
THEOREM CardanoKeri.Samaritan.FoldFlow.mk.injEq
THEOREM CardanoKeri.Registry.R10_honest_phase1_reject_exclusive._proof_1_1
THEOREM CardanoKeri.Cage.authorized.eq_2
THEOREM CardanoKeri.Registry.Action.contribute.inj
THEOREM CardanoKeri.Registry.instDecidableEqAction.decEq._proof_23
THEOREM CardanoKeri.Registry.instDecidableEqAction.decEq._proof_41
THEOREM CardanoKeri.Checkpoint.instDecidableEqState.decEq._proof_15
THEOREM CardanoKeri.Registry.R13_parked_needs_grace
THEOREM CardanoKeri.Registry.stepFn.eq_5
THEOREM CardanoKeri.Checkpoint.instDecidableEqIntent.decEq._proof_2
THEOREM CardanoKeri.Registry.goOp_not_postable
THEOREM CardanoKeri.Registry.R2_one_go_per_aid
THEOREM CardanoKeri.Registry.instDecidableEqAction.decEq._proof_52
THEOREM CardanoKeri.Cage.authorized.eq_3
THEOREM CardanoKeri.Checkpoint.State.dregHeld.eq_2
THEOREM CardanoKeri.Checkpoint.T15_freeze_makes_inert
THEOREM CardanoKeri.Checkpoint.State.dregHeld.eq_1
THEOREM CardanoKeri.Samaritan.FoldFlow.mk.sizeOf_spec
THEOREM CardanoKeri.Checkpoint.T3_only_poison_sets
THEOREM CardanoKeri.Registry.instDecidableEqCkState.decEq._proof_7
THEOREM CardanoKeri.Checkpoint.Step.closeUnpaid_iff
THEOREM CardanoKeri.Checkpoint.Action.reopen.injEq
THEOREM CardanoKeri.Registry.instDecidableEqCkpt.decEq._proof_4
THEOREM CardanoKeri.Registry.setLeaf.eq_2
THEOREM CardanoKeri.Registry.lookup.eq_2
THEOREM CardanoKeri.Registry.applyBatch_inv
THEOREM CardanoKeri.Cage.Plugin.mk.inj
THEOREM CardanoKeri.Registry.Op.revive.sizeOf_spec
THEOREM CardanoKeri.Samaritan.FoldFlow.mk.inj
THEOREM CardanoKeri.Registry.instDecidableEqRequest.decEq._proof_1
THEOREM CardanoKeri.Registry.go_not_phase2
THEOREM CardanoKeri.Registry.nodup_map_remove
THEOREM CardanoKeri.Checkpoint.Action.register.injEq
THEOREM CardanoKeri.Registry.inv_step
THEOREM CardanoKeri.Registry.Actor.nextKeys.sizeOf_spec
THEOREM CardanoKeri.Checkpoint.instDecidableEqPayment.decEq._proof_3
THEOREM CardanoKeri.Checkpoint.Sys.set.eq_1
THEOREM CardanoKeri.Registry.no_ckpt_of_not_active
THEOREM CardanoKeri.Checkpoint.stepFn.eq_2
THEOREM CardanoKeri.Registry.lookup_cons_ne
THEOREM CardanoKeri.Registry.instDecidableEqAcc.decEq._proof_6
THEOREM CardanoKeri.Registry.R5_plugin_pinned
THEOREM CardanoKeri.Checkpoint.State.present.inj
THEOREM CardanoKeri.Checkpoint.T6_frozen_flips_only_by_rotation_or_freeze
THEOREM CardanoKeri.Registry.instDecidableEqStatus.decEq._proof_4
THEOREM CardanoKeri.Checkpoint.Action.convict.inj
THEOREM CardanoKeri.Registry.Actor.proof.sizeOf_spec
THEOREM CardanoKeri.Checkpoint.Step.topUp_iff
THEOREM CardanoKeri.Registry.Action.contribute.injEq
THEOREM CardanoKeri.Registry.instDecidableEqAction.decEq._proof_12
THEOREM CardanoKeri.Checkpoint.Payment?.dreg.eq_1
THEOREM CardanoKeri.Checkpoint.instDecidableEqIntent.decEq._proof_1
THEOREM CardanoKeri.Registry.goIn_cons_go
THEOREM CardanoKeri.Checkpoint.instDecidableEqLeaf.decEq._proof_8
THEOREM CardanoKeri.Checkpoint.stepFn.eq_7
THEOREM CardanoKeri.Registry.stepFn.eq_7
THEOREM CardanoKeri.Registry.instDecidableEqAction.decEq._proof_1
THEOREM CardanoKeri.Checkpoint.T4_poisoned_blocks_quorum_and_freeze
THEOREM CardanoKeri.Registry.instDecidableEqAction.decEq._proof_55
THEOREM CardanoKeri.Checkpoint.Leaf.absent.sizeOf_spec
THEOREM CardanoKeri.Checkpoint.T1_trace_sn_monotone
THEOREM CardanoKeri.Registry.R11_reap_is_samaritan
THEOREM CardanoKeri.Checkpoint.Step.rotateKeepPaid_iff
THEOREM CardanoKeri.Checkpoint.T2_close_and_reopen_open_epochs
THEOREM CardanoKeri.Registry.R1_registered_refused
THEOREM CardanoKeri.Samaritan.reaper_recovers
THEOREM CardanoKeri.Checkpoint.Action.actor.eq_1
THEOREM CardanoKeri.Checkpoint.Leaf.parked.injEq
THEOREM CardanoKeri.Registry.instDecidableEqAction.decEq._proof_43
THEOREM CardanoKeri.Registry.R6_gen_step
THEOREM CardanoKeri.Registry.goInv_after_go
THEOREM CardanoKeri.Registry.instDecidableEqAction.decEq._proof_47
THEOREM CardanoKeri.Cage.owner_bypass_breaks_inv
THEOREM CardanoKeri.Cage.AuthMode.ownerAndHook.sizeOf_spec
THEOREM CardanoKeri.Registry.R8_plugin_swap_refused
THEOREM CardanoKeri.Checkpoint.T5_keep_is_rotated
THEOREM CardanoKeri.Checkpoint.instDecidableEqFlow.decEq._proof_2
THEOREM CardanoKeri.Checkpoint.T5_deposit_on_full_is_keep._proof_1_4
THEOREM CardanoKeri.Registry.Status.dormant.inj
THEOREM CardanoKeri.Checkpoint.T14_pool_increases_only_by_topup._proof_1_3
THEOREM CardanoKeri.Checkpoint.instDecidableEqLeaf.decEq._proof_11
THEOREM CardanoKeri.Registry.instDecidableEqAcc.decEq._proof_2
THEOREM CardanoKeri.Checkpoint.State.parked.inj
THEOREM CardanoKeri.Registry.instDecidableEqAcc.decEq._proof_1
THEOREM CardanoKeri.Registry.R11_reap_flow
THEOREM CardanoKeri.Registry.mem_remove
THEOREM CardanoKeri.Registry.stepFn_fold_iff
THEOREM CardanoKeri.Checkpoint.poisonSinceLastRotation.eq_1
THEOREM CardanoKeri.Checkpoint.instDecidableEqKeyState.decEq._proof_1
THEOREM CardanoKeri.Registry.instDecidableEqAction.decEq._proof_24
THEOREM CardanoKeri.Registry.instDecidableEqOp.decEq._proof_15
THEOREM CardanoKeri.Checkpoint.State.bHeld.eq_1
THEOREM CardanoKeri.Checkpoint.instDecidableEqState.decEq._proof_2
THEOREM CardanoKeri.Registry.instDecidableEqAction.decEq._proof_61
THEOREM CardanoKeri.Checkpoint.T5_freeze_enabled
THEOREM CardanoKeri.Registry.stepFn_contribute_iff
THEOREM CardanoKeri.Samaritan.Reap.mk.sizeOf_spec
THEOREM CardanoKeri.Registry.applyBatch.eq_1
THEOREM CardanoKeri.Registry.instDecidableEqFlow.decEq._proof_1
THEOREM CardanoKeri.Registry.R8_empty_fold_refused
THEOREM CardanoKeri.Registry.Reach.brecOn
THEOREM CardanoKeri.Registry.Inv.goActive
THEOREM CardanoKeri.Registry.lookup_some_of_mem
THEOREM CardanoKeri.Checkpoint.T1_sn_monotone_all._proof_1_7
THEOREM CardanoKeri.Registry.instDecidableEqOp.decEq._proof_9
THEOREM CardanoKeri.Checkpoint.instDecidableEqState.decEq._proof_13
THEOREM CardanoKeri.Checkpoint.Sys.mk.sizeOf_spec
THEOREM CardanoKeri.Cage.routeValue.eq_1
THEOREM CardanoKeri.Registry.Ckpt.mk.injEq
THEOREM CardanoKeri.Cage.applyBatch.eq_2
THEOREM CardanoKeri.Registry.instDecidableEqAction.decEq._proof_56
THEOREM CardanoKeri.Cage.wp._proof_1
THEOREM CardanoKeri.Checkpoint.Action.actor.eq_3
THEOREM CardanoKeri.Cage.owner_swaps_plugin
THEOREM CardanoKeri.Registry.R7_one_fold_per_generation
THEOREM CardanoKeri.Checkpoint.Actor.anyone.sizeOf_spec
THEOREM CardanoKeri.Cage.delegated_is_registry
THEOREM CardanoKeri.Registry.instDecidableEqAction.decEq._proof_49
THEOREM CardanoKeri.Registry.remove.eq_1
THEOREM CardanoKeri.Checkpoint.Params.premium.eq_1
THEOREM CardanoKeri.Checkpoint.Action.actor.eq_6
THEOREM CardanoKeri.Checkpoint.stepFn.eq_5
THEOREM CardanoKeri.Registry.Inv.ckptActive
THEOREM CardanoKeri.Registry.R7_stale_fold_refused
THEOREM CardanoKeri.Registry.instDecidableEqOp.decEq._proof_12
THEOREM CardanoKeri.Registry.Params.hProcess
THEOREM CardanoKeri.Registry.instDecidableEqOp.decEq._proof_16
THEOREM CardanoKeri.Registry.instDecidableEqSys.decEq._proof_4
THEOREM CardanoKeri.Registry.R11_ckpt_edges_move_no_value
THEOREM CardanoKeri.Registry.Inv.leafNodup
THEOREM CardanoKeri.Registry.Action.pause.inj
THEOREM CardanoKeri.Checkpoint.Step.freeze_iff
THEOREM CardanoKeri.Checkpoint.instDecidableEqIntent.decEq._proof_8
THEOREM CardanoKeri.Checkpoint.instDecidableEqLive.decEq._proof_5
THEOREM CardanoKeri.Checkpoint.State.bHeld.eq_2
THEOREM CardanoKeri.Checkpoint.Step.convict_iff
THEOREM CardanoKeri.Cage.Plugin.mk.injEq
THEOREM CardanoKeri.Registry.instDecidableEqFlow.decEq._proof_7
THEOREM CardanoKeri.Cage.wp._proof_3
THEOREM CardanoKeri.Checkpoint.T6_dreg_never_moves_between_present_states
THEOREM CardanoKeri.Registry.R13_parked_after_grace
THEOREM CardanoKeri.Registry.lookup_setLeaf_self
THEOREM CardanoKeri.Registry.Status.dormant.injEq
THEOREM CardanoKeri.Registry.instDecidableEqOp.decEq._proof_21
THEOREM CardanoKeri.Registry.Sys.init.eq_1
THEOREM CardanoKeri.Checkpoint.T8_leaf_never_absent_again
THEOREM CardanoKeri.Registry.R9_reject_enabled
THEOREM CardanoKeri.Checkpoint.instDecidableEqLeaf.decEq._proof_13
THEOREM CardanoKeri.Checkpoint.State.leaf.eq_1
THEOREM CardanoKeri.Registry.Params.mk.injEq
THEOREM CardanoKeri.Checkpoint.SysReach.brecOn
THEOREM CardanoKeri.Registry.AccInv.leafNodup
THEOREM CardanoKeri.Registry.instDecidableEqStatus.decEq._proof_7
CONSTRUCTOR CardanoKeri.Checkpoint.Step CardanoKeri.Checkpoint.Step.register
CONSTRUCTOR CardanoKeri.Checkpoint.Step CardanoKeri.Checkpoint.Step.rotateKeepPaid
CONSTRUCTOR CardanoKeri.Checkpoint.Step CardanoKeri.Checkpoint.Step.rotateKeepUnpaid
CONSTRUCTOR CardanoKeri.Checkpoint.Step CardanoKeri.Checkpoint.Step.rotateDepositPaid
CONSTRUCTOR CardanoKeri.Checkpoint.Step CardanoKeri.Checkpoint.Step.rotateDepositUnpaid
CONSTRUCTOR CardanoKeri.Checkpoint.Step CardanoKeri.Checkpoint.Step.poison
CONSTRUCTOR CardanoKeri.Checkpoint.Step CardanoKeri.Checkpoint.Step.freeze
CONSTRUCTOR CardanoKeri.Checkpoint.Step CardanoKeri.Checkpoint.Step.topUp
CONSTRUCTOR CardanoKeri.Checkpoint.Step CardanoKeri.Checkpoint.Step.convict
CONSTRUCTOR CardanoKeri.Checkpoint.Step CardanoKeri.Checkpoint.Step.convictParked
CONSTRUCTOR CardanoKeri.Checkpoint.Step CardanoKeri.Checkpoint.Step.closePaid
CONSTRUCTOR CardanoKeri.Checkpoint.Step CardanoKeri.Checkpoint.Step.closeUnpaid
CONSTRUCTOR CardanoKeri.Checkpoint.Step CardanoKeri.Checkpoint.Step.reopen
THEOREM CardanoKeri.Registry.R13_owner_reaps_early
THEOREM CardanoKeri.Registry.Action.convictCkpt.sizeOf_spec
THEOREM CardanoKeri.Registry.Action.fold.injEq
THEOREM CardanoKeri.Registry.stepFn.eq_6
THEOREM CardanoKeri.Registry.stepFn_pause_iff
THEOREM CardanoKeri.Registry.Env.mk.injEq
THEOREM CardanoKeri.Registry.Params.hD
THEOREM CardanoKeri.Registry.instDecidableEqRequest.decEq._proof_2
THEOREM CardanoKeri.Checkpoint.instDecidableEqIntent.decEq._proof_4
THEOREM CardanoKeri.Checkpoint.T8_sysstep_partition
THEOREM CardanoKeri.Checkpoint.T6_component_conservation
THEOREM CardanoKeri.Registry.instDecidableEqOp.decEq._proof_18
THEOREM CardanoKeri.Registry.instDecidableEqAction.decEq._proof_14
THEOREM CardanoKeri.Checkpoint.Action.touchesLeaf.eq_4
THEOREM CardanoKeri.Checkpoint.Payment?.pool.eq_1
THEOREM CardanoKeri.Registry.instDecidableEqFlow.decEq._proof_6
THEOREM CardanoKeri.Registry.instDecidableReapable._proof_3
THEOREM CardanoKeri.Registry.CkState.parked.injEq
THEOREM CardanoKeri.Checkpoint.T6_dreg_never_a_fee
THEOREM CardanoKeri.Samaritan.Reap.hFund
THEOREM CardanoKeri.Registry.Inv.reqBelowNext
THEOREM CardanoKeri.Registry.R10_phase2_reject_exclusive._proof_1_1
THEOREM CardanoKeri.Registry.instDecidableEqCkpt.decEq._proof_3
THEOREM CardanoKeri.Registry.instDecidableEqAction.decEq._proof_19
THEOREM CardanoKeri.Checkpoint.instDecidableEqFlow.decEq._proof_7
THEOREM CardanoKeri.Cage.runBody.eq_1
THEOREM CardanoKeri.Checkpoint.Live.mk.inj
THEOREM CardanoKeri.Registry.instDecidableEqRequest.decEq._proof_5
THEOREM CardanoKeri.Registry.Inv.goUnique
THEOREM CardanoKeri.Samaritan.samaritan_never_loses
THEOREM CardanoKeri.Cage.ownerAndHook_trivial_breaks_inv
THEOREM CardanoKeri.Registry.Acc.mk.inj
THEOREM CardanoKeri.Checkpoint.T1_reopen_strict
THEOREM CardanoKeri.Checkpoint.Live.mk.sizeOf_spec
THEOREM CardanoKeri.Checkpoint.T5_convict_parked_enabled
THEOREM CardanoKeri.Registry.CkState.parked.sizeOf_spec
THEOREM CardanoKeri.Checkpoint.Action.freeze.injEq
THEOREM CardanoKeri.Checkpoint.poisonAfter.eq_5
THEOREM CardanoKeri.Registry.R4_leaf_permanent
THEOREM CardanoKeri.Checkpoint.KeyState.mk.inj
THEOREM CardanoKeri.Checkpoint.Leaf.convicted.sizeOf_spec
THEOREM CardanoKeri.Checkpoint.T14_pool_increases_only_by_topup
THEOREM CardanoKeri.Checkpoint.Intent.deposit.sizeOf_spec
THEOREM CardanoKeri.Registry.instDecidableEqOp.decEq._proof_14
THEOREM CardanoKeri.Checkpoint.instDecidableEqState.decEq._proof_12
THEOREM CardanoKeri.Registry.Action.pause.injEq
THEOREM CardanoKeri.Checkpoint.Action.actor.eq_4
THEOREM CardanoKeri.Registry.R9_go_never_rejected
THEOREM CardanoKeri.Checkpoint.stepFn.eq_3
THEOREM CardanoKeri.Registry.Action.resume.inj
THEOREM CardanoKeri.Checkpoint.T6_relayer_cannot_park_age_or_close
THEOREM CardanoKeri.Cage.instDecidableEqValueMode._proof_2
THEOREM CardanoKeri.Cage.stepFn.eq_1
THEOREM CardanoKeri.Checkpoint.instDecidableEqState.decEq._proof_11
THEOREM CardanoKeri.Samaritan.fold.eq_1
THEOREM CardanoKeri.Checkpoint.instDecidableEqState.decEq._proof_3
THEOREM CardanoKeri.Checkpoint.Env.mk.inj
THEOREM CardanoKeri.Registry.rejectOne_leaves
THEOREM CardanoKeri.Registry.AccInv.ckptActive
THEOREM CardanoKeri.Checkpoint.T3_epoch_local
THEOREM CardanoKeri.Checkpoint.Env.mk.sizeOf_spec
THEOREM CardanoKeri.Checkpoint.instDecidableEqFlow.decEq._proof_4
THEOREM CardanoKeri.Registry.instDecidableEqStatus.decEq._proof_5
THEOREM CardanoKeri.Registry.instDecidableEqCkpt.decEq._proof_1
THEOREM CardanoKeri.Checkpoint.instDecidableEqFlow.decEq._proof_6
THEOREM CardanoKeri.Registry.remove.eq_2
THEOREM CardanoKeri.Registry.instDecidableEqAction.decEq._proof_50
THEOREM CardanoKeri.Registry.R9_go_never_retracted
THEOREM CardanoKeri.Registry.lookup.eq_1
THEOREM CardanoKeri.Checkpoint.trace_poison_fold
THEOREM CardanoKeri.Checkpoint.instDecidableEqFlow.decEq._proof_3
THEOREM CardanoKeri.Registry.stepFn_reap_iff
THEOREM CardanoKeri.Registry.instDecidableEqAcc.decEq._proof_4
THEOREM CardanoKeri.Registry.R10_phase2_reject_exclusive
THEOREM CardanoKeri.Registry.Op.userPostable.eq_1
THEOREM CardanoKeri.Registry.instDecidableEqCkState.decEq._proof_1
THEOREM CardanoKeri.Checkpoint.poisonAfter.eq_4
THEOREM CardanoKeri.Registry.Ckpt.mk.inj
THEOREM CardanoKeri.Registry.instDecidableEqAction.decEq._proof_22
THEOREM CardanoKeri.Cage.instDecidableEqAuthMode._proof_2
THEOREM CardanoKeri.Checkpoint.poisonAfter.eq_3
THEOREM CardanoKeri.Checkpoint.instDecidableEqKeyState.decEq._proof_3
THEOREM CardanoKeri.Registry.stepFn.eq_4
THEOREM CardanoKeri.Checkpoint.T10_parked_holds_nothing
THEOREM CardanoKeri.Registry.AccInv.activeCkpt
THEOREM CardanoKeri.Checkpoint.State.convicted.sizeOf_spec
THEOREM CardanoKeri.Registry.instDecidableEqFlow.decEq._proof_4
THEOREM CardanoKeri.Registry.Actor.owner.sizeOf_spec
THEOREM CardanoKeri.Checkpoint.Step.closePaid_iff
THEOREM CardanoKeri.Checkpoint.Action.topUp.injEq
THEOREM CardanoKeri.Checkpoint.instDecidableEqLeaf.decEq._proof_12
THEOREM CardanoKeri.Samaritan.ReapFlow.mk.injEq
THEOREM CardanoKeri.Checkpoint.Payment.mk.sizeOf_spec
THEOREM CardanoKeri.Registry.instDecidableEqSys.decEq._proof_8
THEOREM CardanoKeri.Registry.R2_one_ckpt_per_aid
THEOREM CardanoKeri.Checkpoint.Action.reopen.sizeOf_spec
THEOREM CardanoKeri.Registry.processBody_convict_iff
THEOREM CardanoKeri.Registry.Op.userPostable.eq_2
THEOREM CardanoKeri.Registry.instDecidableEqAction.decEq._proof_57
THEOREM CardanoKeri.Checkpoint.Params.mk.sizeOf_spec
THEOREM CardanoKeri.Checkpoint.instDecidableEqState.decEq._proof_6
THEOREM CardanoKeri.Registry.instDecidableEqActor._proof_1
THEOREM CardanoKeri.Registry.instDecidableEqOp.decEq._proof_17
THEOREM CardanoKeri.Registry.inv_init
THEOREM CardanoKeri.Checkpoint.T3_only_rotation_clears
THEOREM CardanoKeri.Cage.refundAll_fold_locks_nothing
THEOREM CardanoKeri.Checkpoint.T1_sn_monotone_all
THEOREM CardanoKeri.Checkpoint.BondOp.deposit.sizeOf_spec
THEOREM CardanoKeri.Checkpoint.T5_poison_enabled
THEOREM CardanoKeri.Registry.instDecidableEqStatus.decEq._proof_6
